[2019-07-22 17:56:27] 11111[2019-07-22 18:01:49] 11111[2019-07-22 18:09:42] 11111[2019-07-22 18:09:51] 11111[2019-07-22 18:10:02] 11111[2019-07-22 18:11:43] 11111[2019-07-22 18:23:00] 11111